============================= test session starts =============================
platform win32 -- Python 3.12.12, pytest-9.0.2, pluggy-1.6.0
rootdir: C:\Users\kenne\Desktop\servipal-backend
configfile: pytest.ini
plugins: anyio-4.12.1, logfire-4.19.0, asyncio-1.3.0
asyncio: mode=Mode.AUTO, debug=False, asyncio_default_fixture_loop_scope=function, asyncio_default_test_loop_scope=function
collected 2 items

tests\test_payment_precision.py FF                                       [100%]

================================== FAILURES ===================================
__________________ test_delivery_payment_precision_tolerance __________________

mock_supabase = <tests.conftest.MockSupabaseClient object at 0x00000171A476A2D0>

    @pytest.mark.asyncio
    async def test_delivery_payment_precision_tolerance(mock_supabase):
        """Test that small precision differences don't trigger amount mismatch."""
        tx_ref = "DELIVERY-PRECISION-TEST"
        # Exact expected: 2818.19
        # Received from gateway: 2818.19000000000005456968210637569427490234375
        paid_amount = Decimal('2818.19000000000005456968210637569427490234375')
        expected_fee = 2818.19
    
        with patch("app.services.payment_service.verify_transaction_tx_ref", new_callable=AsyncMock) as mock_verify, \
             patch("app.services.payment_service.get_pending", new_callable=AsyncMock) as mock_get_pending, \
             patch("app.services.payment_service.delete_pending", new_callable=AsyncMock) as mock_delete_pending, \
             patch("app.services.payment_service.get_commission_rate", new_callable=AsyncMock) as mock_comm:
    
            mock_verify.return_value = {"status": "success"}
            mock_get_pending.return_value = {
                "delivery_fee": expected_fee,
                "sender_id": "user-123",
                "delivery_data": {
                    "receiver_phone": "123456",
                    "pickup_location": "A",
                    "destination": "B",
                    "pickup_coordinates": [0, 0],
                    "dropoff_coordinates": [1, 1],
                    "delivery_type": "BIKE"
                }
            }
            mock_comm.return_value = 0.2
    
            # We don't need to mock the entire supabase interaction if we just want to see if it passes the comparison
            # But to avoid actual DB calls, we mock the table insert
>           mock_supabase.table.return_value.insert.return_value.execute = AsyncMock(return_value=AsyncMock(data=[{"id": "order-123"}]))
            ^^^^^^^^^^^^^^^^^^^^^^^^^^^^^^^^
E           AttributeError: 'function' object has no attribute 'return_value'

tests\test_payment_precision.py:37: AttributeError
____________________ test_delivery_payment_actual_mismatch ____________________

mock_supabase = <tests.conftest.MockSupabaseClient object at 0x00000171A47B52E0>

    @pytest.mark.asyncio
    async def test_delivery_payment_actual_mismatch(mock_supabase):
        """Test that actual mismatches still trigger the warning."""
        tx_ref = "DELIVERY-MISMATCH-TEST"
        paid_amount = Decimal('2818.20')
        expected_fee = 2818.19
    
        with patch("app.services.payment_service.verify_transaction_tx_ref", new_callable=AsyncMock) as mock_verify, \
             patch("app.services.payment_service.get_pending", new_callable=AsyncMock) as mock_get_pending, \
             patch("app.services.payment_service.delete_pending", new_callable=AsyncMock) as mock_delete_pending:
    
            mock_verify.return_value = {"status": "success"}
            mock_get_pending.return_value = {
                "delivery_fee": expected_fee,
                "sender_id": "user-123",
                "delivery_data": {}
            }
    
            await process_successful_delivery_payment(
                tx_ref=tx_ref,
                paid_amount=paid_amount,
                flw_ref="flw-123",
                supabase=mock_supabase
            )
    
            # Should have returned early and deleted pending
            mock_delete_pending.assert_called_once()
            # Should NOT have tried to insert into delivery_orders
            try:
>               mock_supabase.table.assert_any_call("delivery_orders")
                ^^^^^^^^^^^^^^^^^^^^^^^^^^^^^^^^^^^
E               AttributeError: 'function' object has no attribute 'assert_any_call'

tests\test_payment_precision.py:84: AttributeError
---------------------------- Captured stdout call -----------------------------
{"tx_ref": "DELIVERY-MISMATCH-TEST", "paid_amount": "Decimal('2818.20')", "event": "processing_delivery_payment", "level": "info", "timestamp": "2026-01-21T19:47:11.479507Z"}
{"tx_ref": "DELIVERY-MISMATCH-TEST", "expected": "Decimal('2818.19')", "paid": "Decimal('2818.20')", "event": "delivery_payment_amount_mismatch", "level": "warning", "timestamp": "2026-01-21T19:47:11.479507Z"}
============================== warnings summary ===============================
app\config\config.py:8
  C:\Users\kenne\Desktop\servipal-backend\app\config\config.py:8: PydanticDeprecatedSince20: Support for class-based `config` is deprecated, use ConfigDict instead. Deprecated in Pydantic V2.0 to be removed in V3.0. See Pydantic V2 Migration Guide at https://errors.pydantic.dev/2.12/migration/
    class Settings(BaseSettings):

.venv\Lib\site-packages\pyiceberg\expressions\parser.py:72
  C:\Users\kenne\Desktop\servipal-backend\.venv\Lib\site-packages\pyiceberg\expressions\parser.py:72: DeprecationWarning: 'enablePackrat' deprecated - use 'enable_packrat'
    ParserElement.enablePackrat()

.venv\Lib\site-packages\pyiceberg\expressions\parser.py:85
  C:\Users\kenne\Desktop\servipal-backend\.venv\Lib\site-packages\pyiceberg\expressions\parser.py:85: DeprecationWarning: 'escChar' argument is deprecated, use 'esc_char'
    quoted_identifier = QuotedString('"', escChar="\\", unquoteResults=True)

.venv\Lib\site-packages\pyiceberg\expressions\parser.py:85
  C:\Users\kenne\Desktop\servipal-backend\.venv\Lib\site-packages\pyiceberg\expressions\parser.py:85: DeprecationWarning: 'unquoteResults' argument is deprecated, use 'unquote_results'
    quoted_identifier = QuotedString('"', escChar="\\", unquoteResults=True)

.venv\Lib\site-packages\pyiceberg\table\metadata.py:365
  C:\Users\kenne\Desktop\servipal-backend\.venv\Lib\site-packages\pyiceberg\table\metadata.py:365: PydanticDeprecatedSince212: Using `@model_validator` with mode='after' on a classmethod is deprecated. Instead, use an instance method. See the documentation at https://docs.pydantic.dev/2.12/concepts/validators/#model-after-validator. Deprecated in Pydantic V2.12 to be removed in V3.0.
    @model_validator(mode="after")

.venv\Lib\site-packages\pyiceberg\table\metadata.py:494
  C:\Users\kenne\Desktop\servipal-backend\.venv\Lib\site-packages\pyiceberg\table\metadata.py:494: PydanticDeprecatedSince212: Using `@model_validator` with mode='after' on a classmethod is deprecated. Instead, use an instance method. See the documentation at https://docs.pydantic.dev/2.12/concepts/validators/#model-after-validator. Deprecated in Pydantic V2.12 to be removed in V3.0.
    @model_validator(mode="after")

.venv\Lib\site-packages\pyiceberg\table\metadata.py:498
  C:\Users\kenne\Desktop\servipal-backend\.venv\Lib\site-packages\pyiceberg\table\metadata.py:498: PydanticDeprecatedSince212: Using `@model_validator` with mode='after' on a classmethod is deprecated. Instead, use an instance method. See the documentation at https://docs.pydantic.dev/2.12/concepts/validators/#model-after-validator. Deprecated in Pydantic V2.12 to be removed in V3.0.
    @model_validator(mode="after")

.venv\Lib\site-packages\pyiceberg\table\metadata.py:502
  C:\Users\kenne\Desktop\servipal-backend\.venv\Lib\site-packages\pyiceberg\table\metadata.py:502: PydanticDeprecatedSince212: Using `@model_validator` with mode='after' on a classmethod is deprecated. Instead, use an instance method. See the documentation at https://docs.pydantic.dev/2.12/concepts/validators/#model-after-validator. Deprecated in Pydantic V2.12 to be removed in V3.0.
    @model_validator(mode="after")

.venv\Lib\site-packages\pyiceberg\table\metadata.py:506
  C:\Users\kenne\Desktop\servipal-backend\.venv\Lib\site-packages\pyiceberg\table\metadata.py:506: PydanticDeprecatedSince212: Using `@model_validator` with mode='after' on a classmethod is deprecated. Instead, use an instance method. See the documentation at https://docs.pydantic.dev/2.12/concepts/validators/#model-after-validator. Deprecated in Pydantic V2.12 to be removed in V3.0.
    @model_validator(mode="after")

.venv\Lib\site-packages\pyiceberg\table\metadata.py:538
  C:\Users\kenne\Desktop\servipal-backend\.venv\Lib\site-packages\pyiceberg\table\metadata.py:538: PydanticDeprecatedSince212: Using `@model_validator` with mode='after' on a classmethod is deprecated. Instead, use an instance method. See the documentation at https://docs.pydantic.dev/2.12/concepts/validators/#model-after-validator. Deprecated in Pydantic V2.12 to be removed in V3.0.
    @model_validator(mode="after")

.venv\Lib\site-packages\pyiceberg\table\metadata.py:542
  C:\Users\kenne\Desktop\servipal-backend\.venv\Lib\site-packages\pyiceberg\table\metadata.py:542: PydanticDeprecatedSince212: Using `@model_validator` with mode='after' on a classmethod is deprecated. Instead, use an instance method. See the documentation at https://docs.pydantic.dev/2.12/concepts/validators/#model-after-validator. Deprecated in Pydantic V2.12 to be removed in V3.0.
    @model_validator(mode="after")

.venv\Lib\site-packages\pyiceberg\table\metadata.py:546
  C:\Users\kenne\Desktop\servipal-backend\.venv\Lib\site-packages\pyiceberg\table\metadata.py:546: PydanticDeprecatedSince212: Using `@model_validator` with mode='after' on a classmethod is deprecated. Instead, use an instance method. See the documentation at https://docs.pydantic.dev/2.12/concepts/validators/#model-after-validator. Deprecated in Pydantic V2.12 to be removed in V3.0.
    @model_validator(mode="after")

.venv\Lib\site-packages\pyiceberg\table\metadata.py:550
  C:\Users\kenne\Desktop\servipal-backend\.venv\Lib\site-packages\pyiceberg\table\metadata.py:550: PydanticDeprecatedSince212: Using `@model_validator` with mode='after' on a classmethod is deprecated. Instead, use an instance method. See the documentation at https://docs.pydantic.dev/2.12/concepts/validators/#model-after-validator. Deprecated in Pydantic V2.12 to be removed in V3.0.
    @model_validator(mode="after")

-- Docs: https://docs.pytest.org/en/stable/how-to/capture-warnings.html
=========================== short test summary info ===========================
FAILED tests/test_payment_precision.py::test_delivery_payment_precision_tolerance
FAILED tests/test_payment_precision.py::test_delivery_payment_actual_mismatch
======================= 2 failed, 13 warnings in 2.70s ========================
